// Jest Snapshot v1, https://goo.gl/fbAQLP

exports[`Test <CounterApp/> Should match snapshot 1`] = `
<div>
  <h1>
    CounterApp
  </h1>
  <p>
    100
  </p>
  <button
    aria-label="btn-increment"
  >
     +1 
  </button>
  <button
    aria-label="btn-decrement"
  >
     -1 
  </button>
  <button
    aria-label="btn-reset"
  >
     Reset 
  </button>
</div>
`;
